#-----------------------------------------------------------
# Vivado v2024.2 (64-bit)
# SW Build 5239630 on Fri Nov 08 22:35:27 MST 2024
# IP Build 5239520 on Sun Nov 10 16:12:51 MST 2024
# SharedData Build 5239561 on Fri Nov 08 14:39:27 MST 2024
# Start of session at: Tue Dec 24 09:13:37 2024
# Process ID         : 26636
# Current directory  : C:/Users/billy/Documents/binTobcd/binTobcd.runs/synth_1
# Command line       : vivado.exe -log top_bin2bcd.vds -product Vivado -mode batch -messageDb vivado.pb -notrace -source top_bin2bcd.tcl
# Log file           : C:/Users/billy/Documents/binTobcd/binTobcd.runs/synth_1/top_bin2bcd.vds
# Journal file       : C:/Users/billy/Documents/binTobcd/binTobcd.runs/synth_1\vivado.jou
# Running On         : billy
# Platform           : Windows Server 2016 or Windows 10
# Operating System   : 22631
# Processor Detail   : 12th Gen Intel(R) Core(TM) i5-12500H
# CPU Frequency      : 3110 MHz
# CPU Physical cores : 12
# CPU Logical cores  : 16
# Host memory        : 16782 MB
# Swap memory        : 10908 MB
# Total Virtual      : 27691 MB
# Available Virtual  : 3973 MB
#-----------------------------------------------------------
source top_bin2bcd.tcl -notrace
